[2015-04-11 00:38:20,457][INFO ][monitor.jvm              ] [Chi Demon] [gc][young][110090][64112] duration [1s], collections [1]/[1.2s], total [1s]/[23.5m], memory [230mb]->[167.2mb]/[990.7mb], all_pools {[young] [63.6mb]->[613.6kb]/[266.2mb]}{[survivor] [7.2mb]->[6.2mb]/[33.2mb]}{[old] [159.1mb]->[160.4mb]/[691.2mb]}
[2015-04-11 01:18:51,196][WARN ][monitor.jvm              ] [Chi Demon] [gc][young][112510][65269] duration [5.1s], collections [1]/[5.9s], total [5.1s]/[23.8m], memory [173.2mb]->[186.3mb]/[990.7mb], all_pools {[young] [13.1mb]->[24.3mb]/[266.2mb]}{[survivor] [6.9mb]->[5.1mb]/[33.2mb]}{[old] [153mb]->[156.8mb]/[691.2mb]}
[2015-04-11 01:19:02,912][WARN ][monitor.jvm              ] [Chi Demon] [gc][young][112514][65271] duration [5.5s], collections [1]/[7s], total [5.5s]/[23.9m], memory [193.9mb]->[167.5mb]/[990.7mb], all_pools {[young] [29.9mb]->[79.2kb]/[266.2mb]}{[survivor] [7.1mb]->[7.8mb]/[33.2mb]}{[old] [156.8mb]->[159.6mb]/[691.2mb]}
[2015-04-11 01:19:06,333][WARN ][monitor.jvm              ] [Chi Demon] [gc][young][112516][65272] duration [1.6s], collections [1]/[2.4s], total [1.6s]/[24m], memory [186.1mb]->[168.8mb]/[990.7mb], all_pools {[young] [18.7mb]->[378.1kb]/[266.2mb]}{[survivor] [7.8mb]->[7.6mb]/[33.2mb]}{[old] [159.6mb]->[160.8mb]/[691.2mb]}
[2015-04-11 01:21:25,711][INFO ][monitor.jvm              ] [Chi Demon] [gc][young][112655][65338] duration [902ms], collections [1]/[1.1s], total [902ms]/[24m], memory [248.7mb]->[192.7mb]/[990.7mb], all_pools {[young] [62.8mb]->[4.8mb]/[266.2mb]}{[survivor] [4.5mb]->[6.3mb]/[33.2mb]}{[old] [181.3mb]->[181.5mb]/[691.2mb]}
[2015-04-11 01:50:41,260][WARN ][monitor.jvm              ] [Chi Demon] [gc][young][114407][66151] duration [1.1s], collections [1]/[1.8s], total [1.1s]/[24.2m], memory [240.5mb]->[190.7mb]/[990.7mb], all_pools {[young] [48.8mb]->[317.9kb]/[266.2mb]}{[survivor] [6mb]->[4.6mb]/[33.2mb]}{[old] [185.7mb]->[185.7mb]/[691.2mb]}
[2015-04-11 02:48:25,393][WARN ][monitor.jvm              ] [Chi Demon] [gc][young][117860][67785] duration [5.1s], collections [1]/[5.2s], total [5.1s]/[24.6m], memory [250.7mb]->[217.1mb]/[990.7mb], all_pools {[young] [43.9mb]->[11.2mb]/[266.2mb]}{[survivor] [6.9mb]->[5.4mb]/[33.2mb]}{[old] [199.7mb]->[200.4mb]/[691.2mb]}
[2015-04-11 03:01:12,594][WARN ][monitor.jvm              ] [Chi Demon] [gc][young][118624][68161] duration [2.2s], collections [1]/[2.8s], total [2.2s]/[24.7m], memory [223.9mb]->[211mb]/[990.7mb], all_pools {[young] [16.8mb]->[435.9kb]/[266.2mb]}{[survivor] [6.1mb]->[6.9mb]/[33.2mb]}{[old] [200.9mb]->[203.6mb]/[691.2mb]}
[2015-04-11 03:43:17,460][INFO ][monitor.jvm              ] [Chi Demon] [gc][young][121142][69575] duration [913ms], collections [1]/[1.4s], total [913ms]/[25m], memory [174.9mb]->[125.9mb]/[990.7mb], all_pools {[young] [54.4mb]->[5.3mb]/[266.2mb]}{[survivor] [7.2mb]->[4.7mb]/[33.2mb]}{[old] [113.2mb]->[115.8mb]/[691.2mb]}
[2015-04-11 03:43:34,011][INFO ][monitor.jvm              ] [Chi Demon] [gc][young][121154][69580] duration [768ms], collections [1]/[2s], total [768ms]/[25.1m], memory [175.8mb]->[141.9mb]/[990.7mb], all_pools {[young] [47.3mb]->[10.1mb]/[266.2mb]}{[survivor] [8.5mb]->[8.5mb]/[33.2mb]}{[old] [120mb]->[123.2mb]/[691.2mb]}
[2015-04-11 03:46:07,254][WARN ][monitor.jvm              ] [Chi Demon] [gc][young][121302][69694] duration [2.9s], collections [1]/[3.6s], total [2.9s]/[25.2m], memory [191.5mb]->[185.4mb]/[990.7mb], all_pools {[young] [14.1mb]->[247.1kb]/[266.2mb]}{[survivor] [8.5mb]->[7.6mb]/[33.2mb]}{[old] [168.8mb]->[177.6mb]/[691.2mb]}
[2015-04-11 03:46:09,291][INFO ][monitor.jvm              ] [Chi Demon] [gc][young][121304][69695] duration [952ms], collections [1]/[1s], total [952ms]/[25.2m], memory [243.3mb]->[187mb]/[990.7mb], all_pools {[young] [58mb]->[236.3kb]/[266.2mb]}{[survivor] [7.6mb]->[5.2mb]/[33.2mb]}{[old] [177.6mb]->[181.5mb]/[691.2mb]}
[2015-04-11 03:47:10,490][INFO ][monitor.jvm              ] [Chi Demon] [gc][young][121365][69720] duration [889ms], collections [1]/[1s], total [889ms]/[25.2m], memory [238.1mb]->[219mb]/[990.7mb], all_pools {[young] [41.3mb]->[20.2mb]/[266.2mb]}{[survivor] [8.2mb]->[6mb]/[33.2mb]}{[old] [188.5mb]->[192.7mb]/[691.2mb]}
[2015-04-11 04:20:49,175][WARN ][monitor.jvm              ] [Chi Demon] [gc][young][123378][70719] duration [1.8s], collections [1]/[2.4s], total [1.8s]/[25.5m], memory [197.4mb]->[142.3mb]/[990.7mb], all_pools {[young] [64.9mb]->[5.8mb]/[266.2mb]}{[survivor] [8.5mb]->[8.5mb]/[33.2mb]}{[old] [123.9mb]->[128mb]/[691.2mb]}
[2015-04-11 04:20:58,652][WARN ][monitor.jvm              ] [Chi Demon] [gc][young][123382][70721] duration [2.2s], collections [1]/[3.1s], total [2.2s]/[25.5m], memory [200.6mb]->[144.5mb]/[990.7mb], all_pools {[young] [64.2mb]->[5.3mb]/[266.2mb]}{[survivor] [8.4mb]->[7.8mb]/[33.2mb]}{[old] [128mb]->[131.3mb]/[691.2mb]}
[2015-04-11 04:21:18,725][WARN ][monitor.jvm              ] [Chi Demon] [gc][young][123396][70727] duration [1.1s], collections [1]/[3.8s], total [1.1s]/[25.6m], memory [185mb]->[152.5mb]/[990.7mb], all_pools {[young] [39.7mb]->[4.6mb]/[266.2mb]}{[survivor] [8.1mb]->[8.5mb]/[33.2mb]}{[old] [137mb]->[139.3mb]/[691.2mb]}
[2015-04-11 04:21:28,942][WARN ][monitor.jvm              ] [Chi Demon] [gc][young][123400][70728] duration [4.6s], collections [1]/[5.3s], total [4.6s]/[25.6m], memory [202.1mb]->[162.7mb]/[990.7mb], all_pools {[young] [54.3mb]->[11mb]/[266.2mb]}{[survivor] [8.5mb]->[8.5mb]/[33.2mb]}{[old] [139.3mb]->[143.2mb]/[691.2mb]}
[2015-04-11 04:22:04,963][WARN ][monitor.jvm              ] [Chi Demon] [gc][young][123402][70730] duration [31.2s], collections [2]/[35s], total [31.2s]/[26.2m], memory [214.8mb]->[194.9mb]/[990.7mb], all_pools {[young] [63mb]->[34mb]/[266.2mb]}{[survivor] [8.5mb]->[8.5mb]/[33.2mb]}{[old] [143.2mb]->[152.3mb]/[691.2mb]}
[2015-04-11 04:22:27,872][WARN ][monitor.jvm              ] [Chi Demon] [gc][young][123403][70731] duration [20.6s], collections [1]/[22.9s], total [20.6s]/[26.5m], memory [194.9mb]->[190.2mb]/[990.7mb], all_pools {[young] [34mb]->[22mb]/[266.2mb]}{[survivor] [8.5mb]->[8.5mb]/[33.2mb]}{[old] [152.3mb]->[159.7mb]/[691.2mb]}
[2015-04-11 04:23:15,001][WARN ][monitor.jvm              ] [Chi Demon] [gc][young][123404][70733] duration [41.5s], collections [2]/[47.1s], total [41.5s]/[27.2m], memory [190.2mb]->[235.3mb]/[990.7mb], all_pools {[young] [22mb]->[48mb]/[266.2mb]}{[survivor] [8.5mb]->[8.5mb]/[33.2mb]}{[old] [159.7mb]->[178.7mb]/[691.2mb]}
[2015-04-11 04:23:38,446][WARN ][monitor.jvm              ] [Chi Demon] [gc][young][123405][70734] duration [23.2s], collections [1]/[23.4s], total [23.2s]/[27.6m], memory [235.3mb]->[210.6mb]/[990.7mb], all_pools {[young] [48mb]->[13.1mb]/[266.2mb]}{[survivor] [8.5mb]->[8.5mb]/[33.2mb]}{[old] [178.7mb]->[189mb]/[691.2mb]}
[2015-04-11 04:23:55,868][WARN ][monitor.jvm              ] [Chi Demon] [gc][young][123406][70736] duration [16.3s], collections [2]/[17.4s], total [16.3s]/[27.8m], memory [210.6mb]->[212.2mb]/[990.7mb], all_pools {[young] [13.1mb]->[382.4kb]/[266.2mb]}{[survivor] [8.5mb]->[4.1mb]/[33.2mb]}{[old] [189mb]->[207.7mb]/[691.2mb]}
[2015-04-11 04:29:23,763][WARN ][monitor.jvm              ] [Chi Demon] [gc][young][123722][70906] duration [2.8s], collections [1]/[2.9s], total [2.8s]/[28m], memory [168.9mb]->[104mb]/[990.7mb], all_pools {[young] [67.8mb]->[525.8kb]/[266.2mb]}{[survivor] [5.3mb]->[7.7mb]/[33.2mb]}{[old] [95.8mb]->[95.8mb]/[691.2mb]}
[2015-04-11 04:31:40,514][INFO ][monitor.jvm              ] [Chi Demon] [gc][young][123844][70975] duration [789ms], collections [1]/[1s], total [789ms]/[28.1m], memory [161.3mb]->[153mb]/[990.7mb], all_pools {[young] [15.3mb]->[6.8mb]/[266.2mb]}{[survivor] [6.7mb]->[7mb]/[33.2mb]}{[old] [139.1mb]->[139.1mb]/[691.2mb]}
[2015-04-11 04:34:08,534][WARN ][monitor.jvm              ] [Chi Demon] [gc][young][123987][71048] duration [2.5s], collections [1]/[2.7s], total [2.5s]/[28.1m], memory [222.6mb]->[176mb]/[990.7mb], all_pools {[young] [46.9mb]->[117.7kb]/[266.2mb]}{[survivor] [8.5mb]->[5.7mb]/[33.2mb]}{[old] [167.2mb]->[170.1mb]/[691.2mb]}
[2015-04-11 06:03:38,181][WARN ][monitor.jvm              ] [Chi Demon] [gc][young][129328][73565] duration [4.2s], collections [1]/[4.3s], total [4.2s]/[28.7m], memory [268.6mb]->[245.2mb]/[990.7mb], all_pools {[young] [56.3mb]->[29.2mb]/[266.2mb]}{[survivor] [7.4mb]->[7.3mb]/[33.2mb]}{[old] [204.8mb]->[208.6mb]/[691.2mb]}
[2015-04-11 20:05:26,079][WARN ][monitor.jvm              ] [Chi Demon] [gc][young][179701][104629] duration [1.1s], collections [1]/[1.3s], total [1.1s]/[34.1m], memory [248mb]->[199.7mb]/[990.7mb], all_pools {[young] [50.3mb]->[597kb]/[266.2mb]}{[survivor] [7.8mb]->[6.9mb]/[33.2mb]}{[old] [189.8mb]->[192.2mb]/[691.2mb]}
